../Core/Src/main.c:193:5:main	24	static
../Core/Src/main.c:405:6:SystemClock_Config	96	static
../Core/Src/main.c:456:13:MX_I2C1_Init	8	static
../Core/Src/main.c:504:13:MX_TIM1_Init	96	static
../Core/Src/main.c:578:13:MX_TIM6_Init	24	static
../Core/Src/main.c:616:13:MX_TIM16_Init	80	static
../Core/Src/main.c:678:13:MX_USART1_UART_Init	8	static
../Core/Src/main.c:713:13:MX_USART2_UART_Init	8	static
../Core/Src/main.c:748:13:MX_GPIO_Init	40	static
../Core/Src/main.c:779:6:HAL_I2C_MasterRxCpltCallback	40	static
../Core/Src/main.c:813:6:HAL_I2C_MasterTxCpltCallback	24	static
../Core/Src/main.c:826:6:HAL_UART_RxCpltCallback	288	static
../Core/Src/main.c:930:6:HAL_UART_TxCpltCallback	16	static
../Core/Src/main.c:953:6:GetMeasureInfos	24	static
../Core/Src/main.c:964:6:GetBMS	16	static
../Core/Src/main.c:972:6:GetSpeed	8	static
../Core/Src/main.c:977:6:SendDatabase	8	static
../Core/Src/main.c:982:6:ClearBuffer	24	static
../Core/Src/main.c:988:6:Heartbeat	8	static
../Core/Src/main.c:995:6:LinAct	16	static
../Core/Src/main.c:1026:6:PIController_Init	16	static
../Core/Src/main.c:1033:8:PIController_Update	56	static
../Core/Src/main.c:1053:6:Error_Handler	4	static,ignoring_inline_asm
